#0 building with "default" instance using docker driver

#1 [internal] load build definition from Dockerfile.frontend
#1 transferring dockerfile: 1.69kB done
#1 DONE 0.0s

#2 [internal] load metadata for docker.io/library/node:24-slim
#2 ...

#3 [auth] library/node:pull token for registry-1.docker.io
#3 DONE 0.0s

#2 [internal] load metadata for docker.io/library/node:24-slim
#2 DONE 0.8s

#4 [internal] load .dockerignore
#4 transferring context: 81B done
#4 DONE 0.0s

#5 [internal] load build context
#5 transferring context: 317.24kB 0.0s done
#5 DONE 0.0s

#6 [builder 1/6] FROM docker.io/library/node:24-slim@sha256:ba849c60be29959425b8734d57b8b4b7d56f98edd9504c9af091d5281095a71e
#6 resolve docker.io/library/node:24-slim@sha256:ba849c60be29959425b8734d57b8b4b7d56f98edd9504c9af091d5281095a71e done
#6 sha256:ba849c60be29959425b8734d57b8b4b7d56f98edd9504c9af091d5281095a71e 3.93kB / 3.93kB done
#6 sha256:6642ef280aebc09c4541bee0b15c9f89f0f3f3c247ddee79ae1d37eddfdcbbaa 1.93kB / 1.93kB done
#6 sha256:59c575db86dccc264e6b71c316548f05a5c3c7a9aa1c112dc019807e651fd06b 6.76kB / 6.76kB done
#6 sha256:a8ac7f6c67abc236e4c745052c404112b8fab6fe8ac3a329d1ef3b867ad67c71 7.34MB / 28.23MB 0.1s
#6 sha256:013634040cec61eda7919c9682291bc50456a54539f410ef5233821fb9a8c4d9 0B / 3.32kB 0.1s
#6 sha256:a82db95c01928dce3a29c0d23bcd2588dafeba6f24ae23115195e3e3d6cc5437 0B / 50.78MB 0.1s
#6 sha256:a8ac7f6c67abc236e4c745052c404112b8fab6fe8ac3a329d1ef3b867ad67c71 28.23MB / 28.23MB 0.2s done
#6 sha256:013634040cec61eda7919c9682291bc50456a54539f410ef5233821fb9a8c4d9 3.32kB / 3.32kB 0.2s done
#6 extracting sha256:a8ac7f6c67abc236e4c745052c404112b8fab6fe8ac3a329d1ef3b867ad67c71 0.1s
#6 sha256:9803e0ff8c3d881aa142790ec91f17a1a6fa25189d082c58f4e66cbba4253b66 0B / 1.71MB 0.2s
#6 sha256:2254049a7d7763ea7d56bf06d9a6d5cb882d88b136a84c18c254ead00ac5c874 0B / 448B 0.2s
#6 sha256:a82db95c01928dce3a29c0d23bcd2588dafeba6f24ae23115195e3e3d6cc5437 27.26MB / 50.78MB 0.3s
#6 sha256:9803e0ff8c3d881aa142790ec91f17a1a6fa25189d082c58f4e66cbba4253b66 1.71MB / 1.71MB 0.3s done
#6 sha256:2254049a7d7763ea7d56bf06d9a6d5cb882d88b136a84c18c254ead00ac5c874 448B / 448B 0.2s done
#6 sha256:a82db95c01928dce3a29c0d23bcd2588dafeba6f24ae23115195e3e3d6cc5437 50.78MB / 50.78MB 0.4s
#6 sha256:a82db95c01928dce3a29c0d23bcd2588dafeba6f24ae23115195e3e3d6cc5437 50.78MB / 50.78MB 0.4s done
#6 extracting sha256:a8ac7f6c67abc236e4c745052c404112b8fab6fe8ac3a329d1ef3b867ad67c71 1.1s done
#6 extracting sha256:013634040cec61eda7919c9682291bc50456a54539f410ef5233821fb9a8c4d9 done
#6 extracting sha256:a82db95c01928dce3a29c0d23bcd2588dafeba6f24ae23115195e3e3d6cc5437
#6 extracting sha256:a82db95c01928dce3a29c0d23bcd2588dafeba6f24ae23115195e3e3d6cc5437 1.3s done
#6 extracting sha256:9803e0ff8c3d881aa142790ec91f17a1a6fa25189d082c58f4e66cbba4253b66
#6 extracting sha256:9803e0ff8c3d881aa142790ec91f17a1a6fa25189d082c58f4e66cbba4253b66 0.0s done
#6 extracting sha256:2254049a7d7763ea7d56bf06d9a6d5cb882d88b136a84c18c254ead00ac5c874 done
#6 DONE 2.9s

#7 [builder 2/6] WORKDIR /app
#7 DONE 0.0s

#8 [builder 3/6] COPY package.json package-lock.json ./
#8 DONE 0.0s

#9 [builder 4/6] RUN npm ci
#9 5.873 npm warn deprecated eslint@9.39.5: This version is no longer supported. Please see https://eslint.org/version-support for other options.
#9 11.98 
#9 11.98 added 365 packages, and audited 366 packages in 12s
#9 11.98 
#9 11.98 150 packages are looking for funding
#9 11.98   run `npm fund` for details
#9 11.98 
#9 11.98 found 0 vulnerabilities
#9 11.98 npm warn install-scripts 1 package has install scripts not yet covered by allowScripts:
#9 11.98 npm warn install-scripts   unrs-resolver@1.12.2 (postinstall: node postinstall.js)
#9 11.98 npm warn install-scripts
#9 11.98 npm warn install-scripts Run `npm install-scripts ls` to review, or `npm install-scripts approve <pkg>` to allow.
#9 11.98 npm notice
#9 11.98 npm notice New major version of npm available! 11.19.0 -> 12.0.2
#9 11.98 npm notice Changelog: https://github.com/npm/cli/releases/tag/v12.0.2
#9 11.98 npm notice To update run: npm install -g npm@12.0.2
#9 11.98 npm notice
#9 DONE 13.1s

#10 [builder 5/6] COPY . .
#10 DONE 0.0s

#11 [builder 6/6] RUN npm run build
#11 0.219 
#11 0.219 > frontend@0.1.0 build
#11 0.219 > next build
#11 0.219 
#11 0.593 ▲ Next.js 16.3.4 (Turbopack)
#11 0.634 ✓ Running next.config.ts took 40ms
#11 0.638 Attention: Next.js now collects completely anonymous telemetry regarding usage.
#11 0.638 This information is used to shape Next.js' roadmap and prioritize features.
#11 0.638 You can learn more, including how to opt-out if you'd not like to participate in this anonymous program, by visiting the following URL:
#11 0.639 https://nextjs.org/telemetry
#11 0.639 
#11 0.657 
#11 0.691   Creating an optimized production build ...
#11 7.615 ✓ Compiled successfully in 6.2s
#11 7.617   Running TypeScript ...
#11 9.645   Finished TypeScript in 2.0s ...
#11 9.647   Collecting page data using 3 workers ...
#11 10.25   Generating static pages using 3 workers (0/6) ...
#11 10.47   Generating static pages using 3 workers (1/6) 
#11 10.52   Generating static pages using 3 workers (2/6) 
#11 10.52   Generating static pages using 3 workers (4/6) 
#11 10.52 ✓ Generating static pages using 3 workers (6/6) in 268ms
#11 10.52   Finalizing page optimization ...
#11 10.77 
#11 10.77 Route (app)
#11 10.77 ┌ ○ /
#11 10.77 ├ ○ /_not-found
#11 10.77 ├ ○ /matches
#11 10.77 ├ ○ /ops
#11 10.77 └ ƒ /replay/[matchId]
#11 10.77 
#11 10.77 
#11 10.78 ○  (Static)   prerendered as static content
#11 10.78 ƒ  (Dynamic)  server-rendered on demand
#11 10.78 
#11 DONE 11.1s

#12 [stage-1 3/5] COPY --from=builder /app/public ./public
#12 ERROR: failed to calculate checksum of ref 02d77f28-5fe8-4751-adeb-1ee06e2a3270::wup05i7m8o1doweg8eyavya5w: "/app/public": not found
------
 > [stage-1 3/5] COPY --from=builder /app/public ./public:
------
Dockerfile.frontend:31
--------------------
  29 |     WORKDIR /app
  30 |     ENV NODE_ENV=production
  31 | >>> COPY --from=builder /app/public ./public
  32 |     COPY --from=builder /app/.next/standalone ./
  33 |     COPY --from=builder /app/.next/static ./.next/static
--------------------
ERROR: failed to build: failed to solve: failed to compute cache key: failed to calculate checksum of ref 02d77f28-5fe8-4751-adeb-1ee06e2a3270::wup05i7m8o1doweg8eyavya5w: "/app/public": not found
